2019-05-05/04/19 17:47:46 	첫 번째 로깅 문장입니다
2019-05-05/04/19 17:47:49 	첫 번째 로깅 문장입니다
2019-05-05/04/19 17:47:49 	첫 번째 로깅 문장입니다
2019-05-05/04/19 17:47:53 	첫 번째 로깅 문장입니다
2019-05-05/04/19 17:48:11 	첫 번째 로깅 문장입니다
2019-05-05/04/19 	첫 번째 로깅 문장입니다
2019-05-05/04/19 	첫 번째 로깅 문장입니다
2019-05-05/04/19 05/04/19 	첫 번째 로깅 문장입니다
2019-05-04 17:56:34	첫 번째 로깅 문장입니다
2019-05-04 18:02:46	첫 번째 로깅 문장입니다
